Archive member included to satisfy reference by file (symbol)

/usr/lib/gcc/arm-none-eabi/5.2.0/armv6-m/libgcc.a(_udivsi3.o)
                              ./src/system_stm32f0xx.o (__aeabi_uidiv)
/usr/lib/gcc/arm-none-eabi/5.2.0/armv6-m/libgcc.a(_dvmd_tls.o)
                              /usr/lib/gcc/arm-none-eabi/5.2.0/armv6-m/libgcc.a(_udivsi3.o) (__aeabi_idiv0)
/usr/lib/gcc/arm-none-eabi/5.2.0/../../../../arm-none-eabi/lib/armv6-m/libg.a(lib_a-memcpy.o)
                              ../../STM32Cube_FW_F0_V1.6.0/Drivers/STM32F0xx_HAL_Driver/Src/stm32f0xx_hal_rcc.o (memcpy)
/usr/lib/gcc/arm-none-eabi/5.2.0/../../../../arm-none-eabi/lib/armv6-m/libg.a(lib_a-memset.o)
                              ../../STM32Cube_FW_F0_V1.6.0/Drivers/STM32F0xx_HAL_Driver/Src/stm32f0xx_hal_rcc.o (memset)

Allocating common symbols
Common symbol       size              file

uwTick              0x4               ../../STM32Cube_FW_F0_V1.6.0/Drivers/STM32F0xx_HAL_Driver/Src/stm32f0xx_hal.o

Memory Configuration

Name             Origin             Length             Attributes
FLASH            0x0000000008000000 0x0000000000020000 xr
RAM              0x0000000020000000 0x0000000000004000 xrw
*default*        0x0000000000000000 0xffffffffffffffff

Linker script and memory map

LOAD ./startup/startup_stm32f072xb.o
LOAD ./src/main.o
LOAD ./src/stm32f0xx_it.o
LOAD ./src/system_stm32f0xx.o
LOAD ../../STM32Cube_FW_F0_V1.6.0/Drivers/STM32F0xx_HAL_Driver/Src/stm32f0xx_hal_gpio.o
LOAD ../../STM32Cube_FW_F0_V1.6.0/Drivers/STM32F0xx_HAL_Driver/Src/stm32f0xx_hal.o
LOAD ../../STM32Cube_FW_F0_V1.6.0/Drivers/STM32F0xx_HAL_Driver/Src/stm32f0xx_hal_rcc.o
LOAD ../../STM32Cube_FW_F0_V1.6.0/Drivers/STM32F0xx_HAL_Driver/Src/stm32f0xx_hal_cortex.o
START GROUP
LOAD /usr/lib/gcc/arm-none-eabi/5.2.0/armv6-m/libgcc.a
LOAD /usr/lib/gcc/arm-none-eabi/5.2.0/../../../../arm-none-eabi/lib/armv6-m/libg.a
LOAD /usr/lib/gcc/arm-none-eabi/5.2.0/../../../../arm-none-eabi/lib/armv6-m/libc.a
END GROUP
                0x0000000020004000                _estack = 0x20004000
                0x0000000000000200                _Min_Heap_Size = 0x200
                0x0000000000000400                _Min_Stack_Size = 0x400

.isr_vector     0x0000000008000000       0xc0
                0x0000000008000000                . = ALIGN (0x4)
 *(.isr_vector)
 .isr_vector    0x0000000008000000       0xc0 ./startup/startup_stm32f072xb.o
                0x0000000008000000                g_pfnVectors
                0x00000000080000c0                . = ALIGN (0x4)

.text           0x00000000080000c0     0x1154
                0x00000000080000c0                . = ALIGN (0x4)
 *(.text)
 .text          0x00000000080000c0       0x14 ./startup/startup_stm32f072xb.o
 .text          0x00000000080000d4        0x0 ./src/main.o
 .text          0x00000000080000d4       0x10 ./src/stm32f0xx_it.o
                0x00000000080000d4                NMI_Handler
                0x00000000080000d6                HardFault_Handler
                0x00000000080000d8                SVC_Handler
                0x00000000080000da                PendSV_Handler
                0x00000000080000dc                SysTick_Handler
 .text          0x00000000080000e4       0xd4 ./src/system_stm32f0xx.o
                0x00000000080000e4                SystemInit
                0x0000000008000144                SystemCoreClockUpdate
 .text          0x00000000080001b8      0x2c8 ../../STM32Cube_FW_F0_V1.6.0/Drivers/STM32F0xx_HAL_Driver/Src/stm32f0xx_hal_gpio.o
                0x00000000080001b8                HAL_GPIO_Init
                0x0000000008000334                HAL_GPIO_DeInit
                0x0000000008000420                HAL_GPIO_ReadPin
                0x000000000800042c                HAL_GPIO_WritePin
                0x0000000008000438                HAL_GPIO_TogglePin
                0x0000000008000440                HAL_GPIO_LockPin
                0x0000000008000468                HAL_GPIO_EXTI_Callback
                0x000000000800046a                HAL_GPIO_EXTI_IRQHandler
 .text          0x0000000008000480      0x124 ../../STM32Cube_FW_F0_V1.6.0/Drivers/STM32F0xx_HAL_Driver/Src/stm32f0xx_hal.o
                0x0000000008000480                HAL_MspInit
                0x0000000008000482                HAL_MspDeInit
                0x0000000008000484                HAL_DeInit
                0x00000000080004a8                HAL_InitTick
                0x00000000080004cc                HAL_Init
                0x00000000080004ec                HAL_IncTick
                0x00000000080004fc                HAL_GetTick
                0x0000000008000508                HAL_Delay
                0x0000000008000520                HAL_SuspendTick
                0x0000000008000530                HAL_ResumeTick
                0x0000000008000540                HAL_GetHalVersion
                0x0000000008000546                HAL_GetREVID
                0x0000000008000554                HAL_GetDEVID
                0x0000000008000564                HAL_DBGMCU_EnableDBGStopMode
                0x0000000008000574                HAL_DBGMCU_DisableDBGStopMode
                0x0000000008000584                HAL_DBGMCU_EnableDBGStandbyMode
                0x0000000008000594                HAL_DBGMCU_DisableDBGStandbyMode
 .text          0x00000000080005a4      0x83c ../../STM32Cube_FW_F0_V1.6.0/Drivers/STM32F0xx_HAL_Driver/Src/stm32f0xx_hal_rcc.o
                0x00000000080005a4                HAL_RCC_DeInit
                0x00000000080005f0                HAL_RCC_OscConfig
                0x0000000008000a68                HAL_RCC_MCOConfig
                0x0000000008000abc                HAL_RCC_EnableCSS
                0x0000000008000ad0                HAL_RCC_DisableCSS
                0x0000000008000ae4                HAL_RCC_GetSysClockFreq
                0x0000000008000b5c                HAL_RCC_ClockConfig
                0x0000000008000cb4                HAL_RCC_GetHCLKFreq
                0x0000000008000cc0                HAL_RCC_GetPCLK1Freq
                0x0000000008000ce0                HAL_RCC_GetOscConfig
                0x0000000008000d88                HAL_RCC_GetClockConfig
                0x0000000008000dc0                HAL_RCC_CSSCallback
                0x0000000008000dc2                HAL_RCC_NMI_IRQHandler
 .text          0x0000000008000de0      0x184 ../../STM32Cube_FW_F0_V1.6.0/Drivers/STM32F0xx_HAL_Driver/Src/stm32f0xx_hal_cortex.o
                0x0000000008000de0                HAL_NVIC_SetPriority
                0x0000000008000e40                HAL_NVIC_EnableIRQ
                0x0000000008000e54                HAL_NVIC_DisableIRQ
                0x0000000008000e68                HAL_NVIC_SystemReset
                0x0000000008000e84                HAL_SYSTICK_Config
                0x0000000008000eb8                HAL_NVIC_GetPriority
                0x0000000008000ef8                HAL_NVIC_SetPendingIRQ
                0x0000000008000f0c                HAL_NVIC_GetPendingIRQ
                0x0000000008000f24                HAL_NVIC_ClearPendingIRQ
                0x0000000008000f3c                HAL_SYSTICK_CLKSourceConfig
                0x0000000008000f58                HAL_SYSTICK_Callback
                0x0000000008000f5a                HAL_SYSTICK_IRQHandler
 .text          0x0000000008000f64       0x9c /usr/lib/gcc/arm-none-eabi/5.2.0/armv6-m/libgcc.a(_udivsi3.o)
                0x0000000008000f64                __udivsi3
                0x0000000008000f64                __aeabi_uidiv
                0x0000000008000fec                __aeabi_uidivmod
 .text          0x0000000008001000        0x4 /usr/lib/gcc/arm-none-eabi/5.2.0/armv6-m/libgcc.a(_dvmd_tls.o)
                0x0000000008001000                __aeabi_ldiv0
                0x0000000008001000                __aeabi_idiv0
 .text          0x0000000008001004        0x0 /usr/lib/gcc/arm-none-eabi/5.2.0/../../../../arm-none-eabi/lib/armv6-m/libg.a(lib_a-memcpy.o)
 .text          0x0000000008001004        0x0 /usr/lib/gcc/arm-none-eabi/5.2.0/../../../../arm-none-eabi/lib/armv6-m/libg.a(lib_a-memset.o)
 *(.text*)
 .text.Reset_Handler
                0x0000000008001004       0x4c ./startup/startup_stm32f072xb.o
                0x0000000008001004                Reset_Handler
 .text.Default_Handler
                0x0000000008001050        0x2 ./startup/startup_stm32f072xb.o
                0x0000000008001050                TIM1_CC_IRQHandler
                0x0000000008001050                TSC_IRQHandler
                0x0000000008001050                ADC1_COMP_IRQHandler
                0x0000000008001050                I2C1_IRQHandler
                0x0000000008001050                RCC_CRS_IRQHandler
                0x0000000008001050                SPI1_IRQHandler
                0x0000000008001050                TIM6_DAC_IRQHandler
                0x0000000008001050                USART3_4_IRQHandler
                0x0000000008001050                EXTI2_3_IRQHandler
                0x0000000008001050                I2C2_IRQHandler
                0x0000000008001050                TIM17_IRQHandler
                0x0000000008001050                CEC_CAN_IRQHandler
                0x0000000008001050                RTC_IRQHandler
                0x0000000008001050                PVD_VDDIO2_IRQHandler
                0x0000000008001050                DMA1_Channel4_5_6_7_IRQHandler
                0x0000000008001050                TIM16_IRQHandler
                0x0000000008001050                TIM3_IRQHandler
                0x0000000008001050                EXTI4_15_IRQHandler
                0x0000000008001050                DMA1_Channel1_IRQHandler
                0x0000000008001050                Default_Handler
                0x0000000008001050                TIM14_IRQHandler
                0x0000000008001050                TIM7_IRQHandler
                0x0000000008001050                TIM15_IRQHandler
                0x0000000008001050                EXTI0_1_IRQHandler
                0x0000000008001050                USB_IRQHandler
                0x0000000008001050                SPI2_IRQHandler
                0x0000000008001050                WWDG_IRQHandler
                0x0000000008001050                TIM2_IRQHandler
                0x0000000008001050                DMA1_Channel2_3_IRQHandler
                0x0000000008001050                USART2_IRQHandler
                0x0000000008001050                FLASH_IRQHandler
                0x0000000008001050                USART1_IRQHandler
                0x0000000008001050                TIM1_BRK_UP_TRG_COM_IRQHandler
 *fill*         0x0000000008001052        0x2 
 .text.startup  0x0000000008001054       0xb8 ./src/main.o
                0x0000000008001054                main
 .text.memcpy   0x000000000800110c       0x7c /usr/lib/gcc/arm-none-eabi/5.2.0/../../../../arm-none-eabi/lib/armv6-m/libg.a(lib_a-memcpy.o)
                0x000000000800110c                memcpy
 .text.memset   0x0000000008001188       0x8c /usr/lib/gcc/arm-none-eabi/5.2.0/../../../../arm-none-eabi/lib/armv6-m/libg.a(lib_a-memset.o)
                0x0000000008001188                memset
 *(.glue_7)
 .glue_7        0x0000000008001214        0x0 linker stubs
 *(.glue_7t)
 .glue_7t       0x0000000008001214        0x0 linker stubs
 *(.eh_frame)
 *(.init)
 *(.fini)
                0x0000000008001214                . = ALIGN (0x4)
                0x0000000008001214                _etext = .

.vfp11_veneer   0x0000000008001214        0x0
 .vfp11_veneer  0x0000000008001214        0x0 linker stubs

.v4_bx          0x0000000008001214        0x0
 .v4_bx         0x0000000008001214        0x0 linker stubs

.iplt           0x0000000008001214        0x0
 .iplt          0x0000000008001214        0x0 ./startup/startup_stm32f072xb.o

.rodata         0x0000000008001214       0x38
                0x0000000008001214                . = ALIGN (0x4)
 *(.rodata)
 .rodata        0x0000000008001214       0x18 ./src/system_stm32f0xx.o
                0x0000000008001214                AHBPrescTable
                0x0000000008001224                APBPrescTable
 .rodata        0x000000000800122c       0x20 ../../STM32Cube_FW_F0_V1.6.0/Drivers/STM32F0xx_HAL_Driver/Src/stm32f0xx_hal_rcc.o
 *(.rodata*)
                0x000000000800124c                . = ALIGN (0x4)

.rel.dyn        0x000000000800124c        0x0
 .rel.iplt      0x000000000800124c        0x0 ./startup/startup_stm32f072xb.o

.ARM.extab
 *(.ARM.extab* .gnu.linkonce.armextab.*)

.ARM            0x000000000800124c        0x0
                0x000000000800124c                __exidx_start = .
 *(.ARM.exidx*)
                0x000000000800124c                __exidx_end = .

.preinit_array  0x000000000800124c        0x0
                0x000000000800124c                PROVIDE (__preinit_array_start, .)
 *(.preinit_array*)
                0x000000000800124c                PROVIDE (__preinit_array_end, .)

.init_array     0x000000000800124c        0x0
                0x000000000800124c                PROVIDE (__init_array_start, .)
 *(SORT(.init_array.*))
 *(.init_array*)
                0x000000000800124c                PROVIDE (__init_array_end, .)

.fini_array     0x000000000800124c        0x0
                0x000000000800124c                PROVIDE (__fini_array_start, .)
 *(SORT(.fini_array.*))
 *(.fini_array*)
                0x000000000800124c                PROVIDE (__fini_array_end, .)
                0x000000000800124c                _sidata = LOADADDR (.data)

.data           0x0000000020000000        0x4 load address 0x000000000800124c
                0x0000000020000000                . = ALIGN (0x4)
                0x0000000020000000                _sdata = .
 *(.data)
 .data          0x0000000020000000        0x0 ./startup/startup_stm32f072xb.o
 .data          0x0000000020000000        0x0 ./src/main.o
 .data          0x0000000020000000        0x0 ./src/stm32f0xx_it.o
 .data          0x0000000020000000        0x4 ./src/system_stm32f0xx.o
                0x0000000020000000                SystemCoreClock
 .data          0x0000000020000004        0x0 ../../STM32Cube_FW_F0_V1.6.0/Drivers/STM32F0xx_HAL_Driver/Src/stm32f0xx_hal_gpio.o
 .data          0x0000000020000004        0x0 ../../STM32Cube_FW_F0_V1.6.0/Drivers/STM32F0xx_HAL_Driver/Src/stm32f0xx_hal.o
 .data          0x0000000020000004        0x0 ../../STM32Cube_FW_F0_V1.6.0/Drivers/STM32F0xx_HAL_Driver/Src/stm32f0xx_hal_rcc.o
 .data          0x0000000020000004        0x0 ../../STM32Cube_FW_F0_V1.6.0/Drivers/STM32F0xx_HAL_Driver/Src/stm32f0xx_hal_cortex.o
 .data          0x0000000020000004        0x0 /usr/lib/gcc/arm-none-eabi/5.2.0/armv6-m/libgcc.a(_udivsi3.o)
 .data          0x0000000020000004        0x0 /usr/lib/gcc/arm-none-eabi/5.2.0/armv6-m/libgcc.a(_dvmd_tls.o)
 .data          0x0000000020000004        0x0 /usr/lib/gcc/arm-none-eabi/5.2.0/../../../../arm-none-eabi/lib/armv6-m/libg.a(lib_a-memcpy.o)
 .data          0x0000000020000004        0x0 /usr/lib/gcc/arm-none-eabi/5.2.0/../../../../arm-none-eabi/lib/armv6-m/libg.a(lib_a-memset.o)
 *(.data*)
                0x0000000020000004                . = ALIGN (0x4)
                0x0000000020000004                _edata = .

.igot.plt       0x0000000020000004        0x0 load address 0x0000000008001250
 .igot.plt      0x0000000020000004        0x0 ./startup/startup_stm32f072xb.o
                0x0000000020000004                . = ALIGN (0x4)

.bss            0x0000000020000004       0x18 load address 0x0000000008001250
                0x0000000020000004                _sbss = .
                0x0000000020000004                __bss_start__ = _sbss
 *(.bss)
 .bss           0x0000000020000004        0x0 ./startup/startup_stm32f072xb.o
 .bss           0x0000000020000004       0x14 ./src/main.o
 .bss           0x0000000020000018        0x0 ./src/stm32f0xx_it.o
 .bss           0x0000000020000018        0x0 ./src/system_stm32f0xx.o
 .bss           0x0000000020000018        0x0 ../../STM32Cube_FW_F0_V1.6.0/Drivers/STM32F0xx_HAL_Driver/Src/stm32f0xx_hal_gpio.o
 .bss           0x0000000020000018        0x0 ../../STM32Cube_FW_F0_V1.6.0/Drivers/STM32F0xx_HAL_Driver/Src/stm32f0xx_hal.o
 .bss           0x0000000020000018        0x0 ../../STM32Cube_FW_F0_V1.6.0/Drivers/STM32F0xx_HAL_Driver/Src/stm32f0xx_hal_rcc.o
 .bss           0x0000000020000018        0x0 ../../STM32Cube_FW_F0_V1.6.0/Drivers/STM32F0xx_HAL_Driver/Src/stm32f0xx_hal_cortex.o
 .bss           0x0000000020000018        0x0 /usr/lib/gcc/arm-none-eabi/5.2.0/armv6-m/libgcc.a(_udivsi3.o)
 .bss           0x0000000020000018        0x0 /usr/lib/gcc/arm-none-eabi/5.2.0/armv6-m/libgcc.a(_dvmd_tls.o)
 .bss           0x0000000020000018        0x0 /usr/lib/gcc/arm-none-eabi/5.2.0/../../../../arm-none-eabi/lib/armv6-m/libg.a(lib_a-memcpy.o)
 .bss           0x0000000020000018        0x0 /usr/lib/gcc/arm-none-eabi/5.2.0/../../../../arm-none-eabi/lib/armv6-m/libg.a(lib_a-memset.o)
 *(.bss*)
 *(COMMON)
 COMMON         0x0000000020000018        0x4 ../../STM32Cube_FW_F0_V1.6.0/Drivers/STM32F0xx_HAL_Driver/Src/stm32f0xx_hal.o
                0x0000000020000018                uwTick
                0x000000002000001c                . = ALIGN (0x4)
                0x000000002000001c                _ebss = .
                0x000000002000001c                __bss_end__ = _ebss

._user_heap_stack
                0x000000002000001c      0x604 load address 0x0000000008001250
                0x0000000020000020                . = ALIGN (0x8)
 *fill*         0x000000002000001c        0x4 
                0x0000000020000020                PROVIDE (end, .)
                0x0000000020000020                PROVIDE (_end, .)
                0x0000000020000220                . = (. + _Min_Heap_Size)
 *fill*         0x0000000020000020      0x200 
                0x0000000020000620                . = (. + _Min_Stack_Size)
 *fill*         0x0000000020000220      0x400 
                0x0000000020000620                . = ALIGN (0x8)

/DISCARD/
 libc.a(*)
 libm.a(*)
 libgcc.a(*)

.ARM.attributes
                0x0000000000000000       0x2d
 *(.ARM.attributes)
 .ARM.attributes
                0x0000000000000000       0x21 ./startup/startup_stm32f072xb.o
 .ARM.attributes
                0x0000000000000021       0x31 ./src/main.o
 .ARM.attributes
                0x0000000000000052       0x31 ./src/stm32f0xx_it.o
 .ARM.attributes
                0x0000000000000083       0x31 ./src/system_stm32f0xx.o
 .ARM.attributes
                0x00000000000000b4       0x31 ../../STM32Cube_FW_F0_V1.6.0/Drivers/STM32F0xx_HAL_Driver/Src/stm32f0xx_hal_gpio.o
 .ARM.attributes
                0x00000000000000e5       0x31 ../../STM32Cube_FW_F0_V1.6.0/Drivers/STM32F0xx_HAL_Driver/Src/stm32f0xx_hal.o
 .ARM.attributes
                0x0000000000000116       0x31 ../../STM32Cube_FW_F0_V1.6.0/Drivers/STM32F0xx_HAL_Driver/Src/stm32f0xx_hal_rcc.o
 .ARM.attributes
                0x0000000000000147       0x31 ../../STM32Cube_FW_F0_V1.6.0/Drivers/STM32F0xx_HAL_Driver/Src/stm32f0xx_hal_cortex.o
 .ARM.attributes
                0x0000000000000178       0x1e /usr/lib/gcc/arm-none-eabi/5.2.0/armv6-m/libgcc.a(_udivsi3.o)
 .ARM.attributes
                0x0000000000000196       0x1e /usr/lib/gcc/arm-none-eabi/5.2.0/armv6-m/libgcc.a(_dvmd_tls.o)
 .ARM.attributes
                0x00000000000001b4       0x2c /usr/lib/gcc/arm-none-eabi/5.2.0/../../../../arm-none-eabi/lib/armv6-m/libg.a(lib_a-memcpy.o)
 .ARM.attributes
                0x00000000000001e0       0x2c /usr/lib/gcc/arm-none-eabi/5.2.0/../../../../arm-none-eabi/lib/armv6-m/libg.a(lib_a-memset.o)
OUTPUT(iotogglem0_wspl.elf elf32-littlearm)

.debug_line     0x0000000000000000     0x137c
 .debug_line    0x0000000000000000       0x7f ./startup/startup_stm32f072xb.o
 .debug_line    0x000000000000007f      0x1cf ./src/main.o
 .debug_line    0x000000000000024e       0x9b ./src/stm32f0xx_it.o
 .debug_line    0x00000000000002e9      0x135 ./src/system_stm32f0xx.o
 .debug_line    0x000000000000041e      0x301 ../../STM32Cube_FW_F0_V1.6.0/Drivers/STM32F0xx_HAL_Driver/Src/stm32f0xx_hal_gpio.o
 .debug_line    0x000000000000071f      0x266 ../../STM32Cube_FW_F0_V1.6.0/Drivers/STM32F0xx_HAL_Driver/Src/stm32f0xx_hal.o
 .debug_line    0x0000000000000985      0x497 ../../STM32Cube_FW_F0_V1.6.0/Drivers/STM32F0xx_HAL_Driver/Src/stm32f0xx_hal_rcc.o
 .debug_line    0x0000000000000e1c      0x280 ../../STM32Cube_FW_F0_V1.6.0/Drivers/STM32F0xx_HAL_Driver/Src/stm32f0xx_hal_cortex.o
 .debug_line    0x000000000000109c       0x7b /usr/lib/gcc/arm-none-eabi/5.2.0/armv6-m/libgcc.a(_udivsi3.o)
 .debug_line    0x0000000000001117       0x64 /usr/lib/gcc/arm-none-eabi/5.2.0/armv6-m/libgcc.a(_dvmd_tls.o)
 .debug_line    0x000000000000117b      0x103 /usr/lib/gcc/arm-none-eabi/5.2.0/../../../../arm-none-eabi/lib/armv6-m/libg.a(lib_a-memcpy.o)
 .debug_line    0x000000000000127e       0xfe /usr/lib/gcc/arm-none-eabi/5.2.0/../../../../arm-none-eabi/lib/armv6-m/libg.a(lib_a-memset.o)

.debug_info     0x0000000000000000     0x2ce1
 .debug_info    0x0000000000000000       0x62 ./startup/startup_stm32f072xb.o
 .debug_info    0x0000000000000062      0x617 ./src/main.o
 .debug_info    0x0000000000000679       0xe4 ./src/stm32f0xx_it.o
 .debug_info    0x000000000000075d      0x25c ./src/system_stm32f0xx.o
 .debug_info    0x00000000000009b9      0x65a ../../STM32Cube_FW_F0_V1.6.0/Drivers/STM32F0xx_HAL_Driver/Src/stm32f0xx_hal_gpio.o
 .debug_info    0x0000000000001013      0x63f ../../STM32Cube_FW_F0_V1.6.0/Drivers/STM32F0xx_HAL_Driver/Src/stm32f0xx_hal.o
 .debug_info    0x0000000000001652      0xa8d ../../STM32Cube_FW_F0_V1.6.0/Drivers/STM32F0xx_HAL_Driver/Src/stm32f0xx_hal_rcc.o
 .debug_info    0x00000000000020df      0x82e ../../STM32Cube_FW_F0_V1.6.0/Drivers/STM32F0xx_HAL_Driver/Src/stm32f0xx_hal_cortex.o
 .debug_info    0x000000000000290d       0xba /usr/lib/gcc/arm-none-eabi/5.2.0/armv6-m/libgcc.a(_udivsi3.o)
 .debug_info    0x00000000000029c7       0xba /usr/lib/gcc/arm-none-eabi/5.2.0/armv6-m/libgcc.a(_dvmd_tls.o)
 .debug_info    0x0000000000002a81      0x142 /usr/lib/gcc/arm-none-eabi/5.2.0/../../../../arm-none-eabi/lib/armv6-m/libg.a(lib_a-memcpy.o)
 .debug_info    0x0000000000002bc3      0x11e /usr/lib/gcc/arm-none-eabi/5.2.0/../../../../arm-none-eabi/lib/armv6-m/libg.a(lib_a-memset.o)

.debug_abbrev   0x0000000000000000      0xd7d
 .debug_abbrev  0x0000000000000000       0x12 ./startup/startup_stm32f072xb.o
 .debug_abbrev  0x0000000000000012      0x198 ./src/main.o
 .debug_abbrev  0x00000000000001aa       0x9d ./src/stm32f0xx_it.o
 .debug_abbrev  0x0000000000000247       0xf0 ./src/system_stm32f0xx.o
 .debug_abbrev  0x0000000000000337      0x214 ../../STM32Cube_FW_F0_V1.6.0/Drivers/STM32F0xx_HAL_Driver/Src/stm32f0xx_hal_gpio.o
 .debug_abbrev  0x000000000000054b      0x1dd ../../STM32Cube_FW_F0_V1.6.0/Drivers/STM32F0xx_HAL_Driver/Src/stm32f0xx_hal.o
 .debug_abbrev  0x0000000000000728      0x26d ../../STM32Cube_FW_F0_V1.6.0/Drivers/STM32F0xx_HAL_Driver/Src/stm32f0xx_hal_rcc.o
 .debug_abbrev  0x0000000000000995      0x26f ../../STM32Cube_FW_F0_V1.6.0/Drivers/STM32F0xx_HAL_Driver/Src/stm32f0xx_hal_cortex.o
 .debug_abbrev  0x0000000000000c04       0x14 /usr/lib/gcc/arm-none-eabi/5.2.0/armv6-m/libgcc.a(_udivsi3.o)
 .debug_abbrev  0x0000000000000c18       0x14 /usr/lib/gcc/arm-none-eabi/5.2.0/armv6-m/libgcc.a(_dvmd_tls.o)
 .debug_abbrev  0x0000000000000c2c       0xb2 /usr/lib/gcc/arm-none-eabi/5.2.0/../../../../arm-none-eabi/lib/armv6-m/libg.a(lib_a-memcpy.o)
 .debug_abbrev  0x0000000000000cde       0x9f /usr/lib/gcc/arm-none-eabi/5.2.0/../../../../arm-none-eabi/lib/armv6-m/libg.a(lib_a-memset.o)

.debug_aranges  0x0000000000000000      0x188
 .debug_aranges
                0x0000000000000000       0x28 ./startup/startup_stm32f072xb.o
 .debug_aranges
                0x0000000000000028       0x20 ./src/main.o
 .debug_aranges
                0x0000000000000048       0x20 ./src/stm32f0xx_it.o
 .debug_aranges
                0x0000000000000068       0x20 ./src/system_stm32f0xx.o
 .debug_aranges
                0x0000000000000088       0x20 ../../STM32Cube_FW_F0_V1.6.0/Drivers/STM32F0xx_HAL_Driver/Src/stm32f0xx_hal_gpio.o
 .debug_aranges
                0x00000000000000a8       0x20 ../../STM32Cube_FW_F0_V1.6.0/Drivers/STM32F0xx_HAL_Driver/Src/stm32f0xx_hal.o
 .debug_aranges
                0x00000000000000c8       0x20 ../../STM32Cube_FW_F0_V1.6.0/Drivers/STM32F0xx_HAL_Driver/Src/stm32f0xx_hal_rcc.o
 .debug_aranges
                0x00000000000000e8       0x20 ../../STM32Cube_FW_F0_V1.6.0/Drivers/STM32F0xx_HAL_Driver/Src/stm32f0xx_hal_cortex.o
 .debug_aranges
                0x0000000000000108       0x20 /usr/lib/gcc/arm-none-eabi/5.2.0/armv6-m/libgcc.a(_udivsi3.o)
 .debug_aranges
                0x0000000000000128       0x20 /usr/lib/gcc/arm-none-eabi/5.2.0/armv6-m/libgcc.a(_dvmd_tls.o)
 .debug_aranges
                0x0000000000000148       0x20 /usr/lib/gcc/arm-none-eabi/5.2.0/../../../../arm-none-eabi/lib/armv6-m/libg.a(lib_a-memcpy.o)
 .debug_aranges
                0x0000000000000168       0x20 /usr/lib/gcc/arm-none-eabi/5.2.0/../../../../arm-none-eabi/lib/armv6-m/libg.a(lib_a-memset.o)

.debug_ranges   0x0000000000000000      0x168
 .debug_ranges  0x0000000000000000       0x20 ./startup/startup_stm32f072xb.o
 .debug_ranges  0x0000000000000020       0x48 ./src/main.o
 .debug_ranges  0x0000000000000068       0x20 ../../STM32Cube_FW_F0_V1.6.0/Drivers/STM32F0xx_HAL_Driver/Src/stm32f0xx_hal_gpio.o
 .debug_ranges  0x0000000000000088       0x40 ../../STM32Cube_FW_F0_V1.6.0/Drivers/STM32F0xx_HAL_Driver/Src/stm32f0xx_hal_rcc.o
 .debug_ranges  0x00000000000000c8       0x80 ../../STM32Cube_FW_F0_V1.6.0/Drivers/STM32F0xx_HAL_Driver/Src/stm32f0xx_hal_cortex.o
 .debug_ranges  0x0000000000000148       0x10 /usr/lib/gcc/arm-none-eabi/5.2.0/../../../../arm-none-eabi/lib/armv6-m/libg.a(lib_a-memcpy.o)
 .debug_ranges  0x0000000000000158       0x10 /usr/lib/gcc/arm-none-eabi/5.2.0/../../../../arm-none-eabi/lib/armv6-m/libg.a(lib_a-memset.o)

.debug_loc      0x0000000000000000     0x142b
 .debug_loc     0x0000000000000000       0x2d ./src/main.o
 .debug_loc     0x000000000000002d       0x20 ./src/stm32f0xx_it.o
 .debug_loc     0x000000000000004d      0x102 ./src/system_stm32f0xx.o
 .debug_loc     0x000000000000014f      0x36c ../../STM32Cube_FW_F0_V1.6.0/Drivers/STM32F0xx_HAL_Driver/Src/stm32f0xx_hal_gpio.o
 .debug_loc     0x00000000000004bb       0xea ../../STM32Cube_FW_F0_V1.6.0/Drivers/STM32F0xx_HAL_Driver/Src/stm32f0xx_hal.o
 .debug_loc     0x00000000000005a5      0x56e ../../STM32Cube_FW_F0_V1.6.0/Drivers/STM32F0xx_HAL_Driver/Src/stm32f0xx_hal_rcc.o
 .debug_loc     0x0000000000000b13      0x3fe ../../STM32Cube_FW_F0_V1.6.0/Drivers/STM32F0xx_HAL_Driver/Src/stm32f0xx_hal_cortex.o
 .debug_loc     0x0000000000000f11      0x34a /usr/lib/gcc/arm-none-eabi/5.2.0/../../../../arm-none-eabi/lib/armv6-m/libg.a(lib_a-memcpy.o)
 .debug_loc     0x000000000000125b      0x1d0 /usr/lib/gcc/arm-none-eabi/5.2.0/../../../../arm-none-eabi/lib/armv6-m/libg.a(lib_a-memset.o)

.debug_str      0x0000000000000000      0xefd
 .debug_str     0x0000000000000000      0x38b ./src/main.o
                                        0x3e3 (size before relaxing)
 .debug_str     0x000000000000038b       0x50 ./src/stm32f0xx_it.o
                                        0x15c (size before relaxing)
 .debug_str     0x00000000000003db       0x83 ./src/system_stm32f0xx.o
                                        0x1f7 (size before relaxing)
 .debug_str     0x000000000000045e      0x176 ../../STM32Cube_FW_F0_V1.6.0/Drivers/STM32F0xx_HAL_Driver/Src/stm32f0xx_hal_gpio.o
                                        0x3c1 (size before relaxing)
 .debug_str     0x00000000000005d4      0x3e0 ../../STM32Cube_FW_F0_V1.6.0/Drivers/STM32F0xx_HAL_Driver/Src/stm32f0xx_hal.o
                                        0x5be (size before relaxing)
 .debug_str     0x00000000000009b4      0x1c8 ../../STM32Cube_FW_F0_V1.6.0/Drivers/STM32F0xx_HAL_Driver/Src/stm32f0xx_hal_rcc.o
                                        0x5f1 (size before relaxing)
 .debug_str     0x0000000000000b7c      0x212 ../../STM32Cube_FW_F0_V1.6.0/Drivers/STM32F0xx_HAL_Driver/Src/stm32f0xx_hal_cortex.o
                                        0x5fe (size before relaxing)
 .debug_str     0x0000000000000d8e      0x12d /usr/lib/gcc/arm-none-eabi/5.2.0/../../../../arm-none-eabi/lib/armv6-m/libg.a(lib_a-memcpy.o)
                                        0x1d2 (size before relaxing)
 .debug_str     0x0000000000000ebb       0x42 /usr/lib/gcc/arm-none-eabi/5.2.0/../../../../arm-none-eabi/lib/armv6-m/libg.a(lib_a-memset.o)
                                        0x1bf (size before relaxing)

.comment        0x0000000000000000       0x42
 .comment       0x0000000000000000       0x21 ./src/main.o
                                         0x22 (size before relaxing)
 .comment       0x0000000000000021       0x22 ./src/stm32f0xx_it.o
 .comment       0x0000000000000021       0x22 ./src/system_stm32f0xx.o
 .comment       0x0000000000000021       0x22 ../../STM32Cube_FW_F0_V1.6.0/Drivers/STM32F0xx_HAL_Driver/Src/stm32f0xx_hal_gpio.o
 .comment       0x0000000000000021       0x22 ../../STM32Cube_FW_F0_V1.6.0/Drivers/STM32F0xx_HAL_Driver/Src/stm32f0xx_hal.o
 .comment       0x0000000000000021       0x22 ../../STM32Cube_FW_F0_V1.6.0/Drivers/STM32F0xx_HAL_Driver/Src/stm32f0xx_hal_rcc.o
 .comment       0x0000000000000021       0x22 ../../STM32Cube_FW_F0_V1.6.0/Drivers/STM32F0xx_HAL_Driver/Src/stm32f0xx_hal_cortex.o
 .comment       0x0000000000000021       0x21 /usr/lib/gcc/arm-none-eabi/5.2.0/../../../../arm-none-eabi/lib/armv6-m/libg.a(lib_a-memcpy.o)
                                         0x22 (size before relaxing)
 .comment       0x0000000000000042       0x22 /usr/lib/gcc/arm-none-eabi/5.2.0/../../../../arm-none-eabi/lib/armv6-m/libg.a(lib_a-memset.o)

.debug_frame    0x0000000000000000      0x5bc
 .debug_frame   0x0000000000000000       0x30 ./src/main.o
 .debug_frame   0x0000000000000030       0x6c ./src/stm32f0xx_it.o
 .debug_frame   0x000000000000009c       0x48 ./src/system_stm32f0xx.o
 .debug_frame   0x00000000000000e4       0xd0 ../../STM32Cube_FW_F0_V1.6.0/Drivers/STM32F0xx_HAL_Driver/Src/stm32f0xx_hal_gpio.o
 .debug_frame   0x00000000000001b4      0x154 ../../STM32Cube_FW_F0_V1.6.0/Drivers/STM32F0xx_HAL_Driver/Src/stm32f0xx_hal.o
 .debug_frame   0x0000000000000308      0x150 ../../STM32Cube_FW_F0_V1.6.0/Drivers/STM32F0xx_HAL_Driver/Src/stm32f0xx_hal_rcc.o
 .debug_frame   0x0000000000000458       0xec ../../STM32Cube_FW_F0_V1.6.0/Drivers/STM32F0xx_HAL_Driver/Src/stm32f0xx_hal_cortex.o
 .debug_frame   0x0000000000000544       0x20 /usr/lib/gcc/arm-none-eabi/5.2.0/armv6-m/libgcc.a(_udivsi3.o)
 .debug_frame   0x0000000000000564       0x2c /usr/lib/gcc/arm-none-eabi/5.2.0/../../../../arm-none-eabi/lib/armv6-m/libg.a(lib_a-memcpy.o)
 .debug_frame   0x0000000000000590       0x2c /usr/lib/gcc/arm-none-eabi/5.2.0/../../../../arm-none-eabi/lib/armv6-m/libg.a(lib_a-memset.o)

Cross Reference Table

Symbol                                            File
ADC1_COMP_IRQHandler                              ./startup/startup_stm32f072xb.o
AHBPrescTable                                     ./src/system_stm32f0xx.o
                                                  ../../STM32Cube_FW_F0_V1.6.0/Drivers/STM32F0xx_HAL_Driver/Src/stm32f0xx_hal_rcc.o
APBPrescTable                                     ./src/system_stm32f0xx.o
                                                  ../../STM32Cube_FW_F0_V1.6.0/Drivers/STM32F0xx_HAL_Driver/Src/stm32f0xx_hal_rcc.o
CEC_CAN_IRQHandler                                ./startup/startup_stm32f072xb.o
DMA1_Channel1_IRQHandler                          ./startup/startup_stm32f072xb.o
DMA1_Channel2_3_IRQHandler                        ./startup/startup_stm32f072xb.o
DMA1_Channel4_5_6_7_IRQHandler                    ./startup/startup_stm32f072xb.o
Default_Handler                                   ./startup/startup_stm32f072xb.o
EXTI0_1_IRQHandler                                ./startup/startup_stm32f072xb.o
EXTI2_3_IRQHandler                                ./startup/startup_stm32f072xb.o
EXTI4_15_IRQHandler                               ./startup/startup_stm32f072xb.o
FLASH_IRQHandler                                  ./startup/startup_stm32f072xb.o
HAL_DBGMCU_DisableDBGStandbyMode                  ../../STM32Cube_FW_F0_V1.6.0/Drivers/STM32F0xx_HAL_Driver/Src/stm32f0xx_hal.o
HAL_DBGMCU_DisableDBGStopMode                     ../../STM32Cube_FW_F0_V1.6.0/Drivers/STM32F0xx_HAL_Driver/Src/stm32f0xx_hal.o
HAL_DBGMCU_EnableDBGStandbyMode                   ../../STM32Cube_FW_F0_V1.6.0/Drivers/STM32F0xx_HAL_Driver/Src/stm32f0xx_hal.o
HAL_DBGMCU_EnableDBGStopMode                      ../../STM32Cube_FW_F0_V1.6.0/Drivers/STM32F0xx_HAL_Driver/Src/stm32f0xx_hal.o
HAL_DeInit                                        ../../STM32Cube_FW_F0_V1.6.0/Drivers/STM32F0xx_HAL_Driver/Src/stm32f0xx_hal.o
HAL_Delay                                         ../../STM32Cube_FW_F0_V1.6.0/Drivers/STM32F0xx_HAL_Driver/Src/stm32f0xx_hal.o
                                                  ./src/main.o
HAL_GPIO_DeInit                                   ../../STM32Cube_FW_F0_V1.6.0/Drivers/STM32F0xx_HAL_Driver/Src/stm32f0xx_hal_gpio.o
HAL_GPIO_EXTI_Callback                            ../../STM32Cube_FW_F0_V1.6.0/Drivers/STM32F0xx_HAL_Driver/Src/stm32f0xx_hal_gpio.o
HAL_GPIO_EXTI_IRQHandler                          ../../STM32Cube_FW_F0_V1.6.0/Drivers/STM32F0xx_HAL_Driver/Src/stm32f0xx_hal_gpio.o
HAL_GPIO_Init                                     ../../STM32Cube_FW_F0_V1.6.0/Drivers/STM32F0xx_HAL_Driver/Src/stm32f0xx_hal_gpio.o
                                                  ../../STM32Cube_FW_F0_V1.6.0/Drivers/STM32F0xx_HAL_Driver/Src/stm32f0xx_hal_rcc.o
                                                  ./src/main.o
HAL_GPIO_LockPin                                  ../../STM32Cube_FW_F0_V1.6.0/Drivers/STM32F0xx_HAL_Driver/Src/stm32f0xx_hal_gpio.o
HAL_GPIO_ReadPin                                  ../../STM32Cube_FW_F0_V1.6.0/Drivers/STM32F0xx_HAL_Driver/Src/stm32f0xx_hal_gpio.o
HAL_GPIO_TogglePin                                ../../STM32Cube_FW_F0_V1.6.0/Drivers/STM32F0xx_HAL_Driver/Src/stm32f0xx_hal_gpio.o
                                                  ./src/main.o
HAL_GPIO_WritePin                                 ../../STM32Cube_FW_F0_V1.6.0/Drivers/STM32F0xx_HAL_Driver/Src/stm32f0xx_hal_gpio.o
HAL_GetDEVID                                      ../../STM32Cube_FW_F0_V1.6.0/Drivers/STM32F0xx_HAL_Driver/Src/stm32f0xx_hal.o
HAL_GetHalVersion                                 ../../STM32Cube_FW_F0_V1.6.0/Drivers/STM32F0xx_HAL_Driver/Src/stm32f0xx_hal.o
HAL_GetREVID                                      ../../STM32Cube_FW_F0_V1.6.0/Drivers/STM32F0xx_HAL_Driver/Src/stm32f0xx_hal.o
HAL_GetTick                                       ../../STM32Cube_FW_F0_V1.6.0/Drivers/STM32F0xx_HAL_Driver/Src/stm32f0xx_hal.o
                                                  ../../STM32Cube_FW_F0_V1.6.0/Drivers/STM32F0xx_HAL_Driver/Src/stm32f0xx_hal_rcc.o
HAL_IncTick                                       ../../STM32Cube_FW_F0_V1.6.0/Drivers/STM32F0xx_HAL_Driver/Src/stm32f0xx_hal.o
                                                  ./src/stm32f0xx_it.o
HAL_Init                                          ../../STM32Cube_FW_F0_V1.6.0/Drivers/STM32F0xx_HAL_Driver/Src/stm32f0xx_hal.o
                                                  ./src/main.o
HAL_InitTick                                      ../../STM32Cube_FW_F0_V1.6.0/Drivers/STM32F0xx_HAL_Driver/Src/stm32f0xx_hal.o
                                                  ../../STM32Cube_FW_F0_V1.6.0/Drivers/STM32F0xx_HAL_Driver/Src/stm32f0xx_hal_rcc.o
HAL_MspDeInit                                     ../../STM32Cube_FW_F0_V1.6.0/Drivers/STM32F0xx_HAL_Driver/Src/stm32f0xx_hal.o
HAL_MspInit                                       ../../STM32Cube_FW_F0_V1.6.0/Drivers/STM32F0xx_HAL_Driver/Src/stm32f0xx_hal.o
HAL_NVIC_ClearPendingIRQ                          ../../STM32Cube_FW_F0_V1.6.0/Drivers/STM32F0xx_HAL_Driver/Src/stm32f0xx_hal_cortex.o
HAL_NVIC_DisableIRQ                               ../../STM32Cube_FW_F0_V1.6.0/Drivers/STM32F0xx_HAL_Driver/Src/stm32f0xx_hal_cortex.o
HAL_NVIC_EnableIRQ                                ../../STM32Cube_FW_F0_V1.6.0/Drivers/STM32F0xx_HAL_Driver/Src/stm32f0xx_hal_cortex.o
HAL_NVIC_GetPendingIRQ                            ../../STM32Cube_FW_F0_V1.6.0/Drivers/STM32F0xx_HAL_Driver/Src/stm32f0xx_hal_cortex.o
HAL_NVIC_GetPriority                              ../../STM32Cube_FW_F0_V1.6.0/Drivers/STM32F0xx_HAL_Driver/Src/stm32f0xx_hal_cortex.o
HAL_NVIC_SetPendingIRQ                            ../../STM32Cube_FW_F0_V1.6.0/Drivers/STM32F0xx_HAL_Driver/Src/stm32f0xx_hal_cortex.o
HAL_NVIC_SetPriority                              ../../STM32Cube_FW_F0_V1.6.0/Drivers/STM32F0xx_HAL_Driver/Src/stm32f0xx_hal_cortex.o
                                                  ../../STM32Cube_FW_F0_V1.6.0/Drivers/STM32F0xx_HAL_Driver/Src/stm32f0xx_hal.o
HAL_NVIC_SystemReset                              ../../STM32Cube_FW_F0_V1.6.0/Drivers/STM32F0xx_HAL_Driver/Src/stm32f0xx_hal_cortex.o
HAL_RCC_CSSCallback                               ../../STM32Cube_FW_F0_V1.6.0/Drivers/STM32F0xx_HAL_Driver/Src/stm32f0xx_hal_rcc.o
HAL_RCC_ClockConfig                               ../../STM32Cube_FW_F0_V1.6.0/Drivers/STM32F0xx_HAL_Driver/Src/stm32f0xx_hal_rcc.o
                                                  ./src/main.o
HAL_RCC_DeInit                                    ../../STM32Cube_FW_F0_V1.6.0/Drivers/STM32F0xx_HAL_Driver/Src/stm32f0xx_hal_rcc.o
HAL_RCC_DisableCSS                                ../../STM32Cube_FW_F0_V1.6.0/Drivers/STM32F0xx_HAL_Driver/Src/stm32f0xx_hal_rcc.o
HAL_RCC_EnableCSS                                 ../../STM32Cube_FW_F0_V1.6.0/Drivers/STM32F0xx_HAL_Driver/Src/stm32f0xx_hal_rcc.o
HAL_RCC_GetClockConfig                            ../../STM32Cube_FW_F0_V1.6.0/Drivers/STM32F0xx_HAL_Driver/Src/stm32f0xx_hal_rcc.o
HAL_RCC_GetHCLKFreq                               ../../STM32Cube_FW_F0_V1.6.0/Drivers/STM32F0xx_HAL_Driver/Src/stm32f0xx_hal_rcc.o
                                                  ../../STM32Cube_FW_F0_V1.6.0/Drivers/STM32F0xx_HAL_Driver/Src/stm32f0xx_hal.o
HAL_RCC_GetOscConfig                              ../../STM32Cube_FW_F0_V1.6.0/Drivers/STM32F0xx_HAL_Driver/Src/stm32f0xx_hal_rcc.o
HAL_RCC_GetPCLK1Freq                              ../../STM32Cube_FW_F0_V1.6.0/Drivers/STM32F0xx_HAL_Driver/Src/stm32f0xx_hal_rcc.o
HAL_RCC_GetSysClockFreq                           ../../STM32Cube_FW_F0_V1.6.0/Drivers/STM32F0xx_HAL_Driver/Src/stm32f0xx_hal_rcc.o
HAL_RCC_MCOConfig                                 ../../STM32Cube_FW_F0_V1.6.0/Drivers/STM32F0xx_HAL_Driver/Src/stm32f0xx_hal_rcc.o
HAL_RCC_NMI_IRQHandler                            ../../STM32Cube_FW_F0_V1.6.0/Drivers/STM32F0xx_HAL_Driver/Src/stm32f0xx_hal_rcc.o
HAL_RCC_OscConfig                                 ../../STM32Cube_FW_F0_V1.6.0/Drivers/STM32F0xx_HAL_Driver/Src/stm32f0xx_hal_rcc.o
                                                  ./src/main.o
HAL_ResumeTick                                    ../../STM32Cube_FW_F0_V1.6.0/Drivers/STM32F0xx_HAL_Driver/Src/stm32f0xx_hal.o
HAL_SYSTICK_CLKSourceConfig                       ../../STM32Cube_FW_F0_V1.6.0/Drivers/STM32F0xx_HAL_Driver/Src/stm32f0xx_hal_cortex.o
HAL_SYSTICK_Callback                              ../../STM32Cube_FW_F0_V1.6.0/Drivers/STM32F0xx_HAL_Driver/Src/stm32f0xx_hal_cortex.o
HAL_SYSTICK_Config                                ../../STM32Cube_FW_F0_V1.6.0/Drivers/STM32F0xx_HAL_Driver/Src/stm32f0xx_hal_cortex.o
                                                  ../../STM32Cube_FW_F0_V1.6.0/Drivers/STM32F0xx_HAL_Driver/Src/stm32f0xx_hal.o
HAL_SYSTICK_IRQHandler                            ../../STM32Cube_FW_F0_V1.6.0/Drivers/STM32F0xx_HAL_Driver/Src/stm32f0xx_hal_cortex.o
HAL_SuspendTick                                   ../../STM32Cube_FW_F0_V1.6.0/Drivers/STM32F0xx_HAL_Driver/Src/stm32f0xx_hal.o
HardFault_Handler                                 ./src/stm32f0xx_it.o
                                                  ./startup/startup_stm32f072xb.o
I2C1_IRQHandler                                   ./startup/startup_stm32f072xb.o
I2C2_IRQHandler                                   ./startup/startup_stm32f072xb.o
NMI_Handler                                       ./src/stm32f0xx_it.o
                                                  ./startup/startup_stm32f072xb.o
PVD_VDDIO2_IRQHandler                             ./startup/startup_stm32f072xb.o
PendSV_Handler                                    ./src/stm32f0xx_it.o
                                                  ./startup/startup_stm32f072xb.o
RCC_CRS_IRQHandler                                ./startup/startup_stm32f072xb.o
RTC_IRQHandler                                    ./startup/startup_stm32f072xb.o
Reset_Handler                                     ./startup/startup_stm32f072xb.o
SPI1_IRQHandler                                   ./startup/startup_stm32f072xb.o
SPI2_IRQHandler                                   ./startup/startup_stm32f072xb.o
SVC_Handler                                       ./src/stm32f0xx_it.o
                                                  ./startup/startup_stm32f072xb.o
SysTick_Handler                                   ./src/stm32f0xx_it.o
                                                  ./startup/startup_stm32f072xb.o
SystemCoreClock                                   ./src/system_stm32f0xx.o
                                                  ../../STM32Cube_FW_F0_V1.6.0/Drivers/STM32F0xx_HAL_Driver/Src/stm32f0xx_hal_rcc.o
SystemCoreClockUpdate                             ./src/system_stm32f0xx.o
SystemInit                                        ./src/system_stm32f0xx.o
                                                  ./startup/startup_stm32f072xb.o
TIM14_IRQHandler                                  ./startup/startup_stm32f072xb.o
TIM15_IRQHandler                                  ./startup/startup_stm32f072xb.o
TIM16_IRQHandler                                  ./startup/startup_stm32f072xb.o
TIM17_IRQHandler                                  ./startup/startup_stm32f072xb.o
TIM1_BRK_UP_TRG_COM_IRQHandler                    ./startup/startup_stm32f072xb.o
TIM1_CC_IRQHandler                                ./startup/startup_stm32f072xb.o
TIM2_IRQHandler                                   ./startup/startup_stm32f072xb.o
TIM3_IRQHandler                                   ./startup/startup_stm32f072xb.o
TIM6_DAC_IRQHandler                               ./startup/startup_stm32f072xb.o
TIM7_IRQHandler                                   ./startup/startup_stm32f072xb.o
TSC_IRQHandler                                    ./startup/startup_stm32f072xb.o
USART1_IRQHandler                                 ./startup/startup_stm32f072xb.o
USART2_IRQHandler                                 ./startup/startup_stm32f072xb.o
USART3_4_IRQHandler                               ./startup/startup_stm32f072xb.o
USB_IRQHandler                                    ./startup/startup_stm32f072xb.o
WWDG_IRQHandler                                   ./startup/startup_stm32f072xb.o
__aeabi_idiv0                                     /usr/lib/gcc/arm-none-eabi/5.2.0/armv6-m/libgcc.a(_dvmd_tls.o)
                                                  /usr/lib/gcc/arm-none-eabi/5.2.0/armv6-m/libgcc.a(_udivsi3.o)
__aeabi_ldiv0                                     /usr/lib/gcc/arm-none-eabi/5.2.0/armv6-m/libgcc.a(_dvmd_tls.o)
__aeabi_uidiv                                     /usr/lib/gcc/arm-none-eabi/5.2.0/armv6-m/libgcc.a(_udivsi3.o)
                                                  ../../STM32Cube_FW_F0_V1.6.0/Drivers/STM32F0xx_HAL_Driver/Src/stm32f0xx_hal_rcc.o
                                                  ../../STM32Cube_FW_F0_V1.6.0/Drivers/STM32F0xx_HAL_Driver/Src/stm32f0xx_hal.o
                                                  ./src/system_stm32f0xx.o
__aeabi_uidivmod                                  /usr/lib/gcc/arm-none-eabi/5.2.0/armv6-m/libgcc.a(_udivsi3.o)
__udivsi3                                         /usr/lib/gcc/arm-none-eabi/5.2.0/armv6-m/libgcc.a(_udivsi3.o)
_ebss                                             ./startup/startup_stm32f072xb.o
_edata                                            ./startup/startup_stm32f072xb.o
_estack                                           ./startup/startup_stm32f072xb.o
_sbss                                             ./startup/startup_stm32f072xb.o
_sdata                                            ./startup/startup_stm32f072xb.o
_sidata                                           ./startup/startup_stm32f072xb.o
g_pfnVectors                                      ./startup/startup_stm32f072xb.o
main                                              ./src/main.o
                                                  ./startup/startup_stm32f072xb.o
memcpy                                            /usr/lib/gcc/arm-none-eabi/5.2.0/../../../../arm-none-eabi/lib/armv6-m/libg.a(lib_a-memcpy.o)
                                                  ../../STM32Cube_FW_F0_V1.6.0/Drivers/STM32F0xx_HAL_Driver/Src/stm32f0xx_hal_rcc.o
memset                                            /usr/lib/gcc/arm-none-eabi/5.2.0/../../../../arm-none-eabi/lib/armv6-m/libg.a(lib_a-memset.o)
                                                  ../../STM32Cube_FW_F0_V1.6.0/Drivers/STM32F0xx_HAL_Driver/Src/stm32f0xx_hal_rcc.o
uwTick                                            ../../STM32Cube_FW_F0_V1.6.0/Drivers/STM32F0xx_HAL_Driver/Src/stm32f0xx_hal.o
